No = 0
IsLeft = False
Length = 2000
Width = 100
AisleWidth_U = 0
AisleWidth_D = 0
AisleWidth_L = 14000
AisleWidth_R = 14000
KeepDistanceU = 0
KeepDistanceD = 0
KeepDistanceL = 0
KeepDistanceR = 0
CarPosition = 4
Distance = 0

No = 1
IsLeft = False
Length = 10000
Width = 2000
AisleWidth_U = 800
AisleWidth_D = 800
AisleWidth_L = 5000
AisleWidth_R = 2500
KeepDistanceU = 400
KeepDistanceD = 400
KeepDistanceL = 400
KeepDistanceR = 400
CarPosition = 0
Distance = 0

No = 2
IsLeft = False
Length = 10000
Width = 2000
AisleWidth_U = 800
AisleWidth_D = 800
AisleWidth_L = 5000
AisleWidth_R = 2500
KeepDistanceU = 400
KeepDistanceD = 400
KeepDistanceL = 400
KeepDistanceR = 400
CarPosition = 0
Distance = 0

No = 3
IsLeft = False
Length = 10000
Width = 2000
AisleWidth_U = 800
AisleWidth_D = 800
AisleWidth_L = 5000
AisleWidth_R = 2500
KeepDistanceU = 400
KeepDistanceD = 400
KeepDistanceL = 400
KeepDistanceR = 400
CarPosition = 0
Distance = 0

No = 4
IsLeft = False
Length = 10000
Width = 2000
AisleWidth_U = 800
AisleWidth_D = 800
AisleWidth_L = 5000
AisleWidth_R = 2500
KeepDistanceU = 400
KeepDistanceD = 400
KeepDistanceL = 400
KeepDistanceR = 400
CarPosition = 0
Distance = 0

No = 5
IsLeft = False
Length = 10000
Width = 2000
AisleWidth_U = 800
AisleWidth_D = 800
AisleWidth_L = 5000
AisleWidth_R = 2500
KeepDistanceU = 400
KeepDistanceD = 400
KeepDistanceL = 400
KeepDistanceR = 400
CarPosition = 0
Distance = 0

No = 6
IsLeft = False
Length = 10000
Width = 2000
AisleWidth_U = 800
AisleWidth_D = 800
AisleWidth_L = 5000
AisleWidth_R = 2500
KeepDistanceU = 400
KeepDistanceD = 400
KeepDistanceL = 400
KeepDistanceR = 400
CarPosition = 0
Distance = 0

No = 7
IsLeft = False
Length = 10000
Width = 2000
AisleWidth_U = 800
AisleWidth_D = 800
AisleWidth_L = 5000
AisleWidth_R = 2500
KeepDistanceU = 400
KeepDistanceD = 400
KeepDistanceL = 400
KeepDistanceR = 400
CarPosition = 0
Distance = 0

No = 8
IsLeft = False
Length = 10000
Width = 2000
AisleWidth_U = 800
AisleWidth_D = 800
AisleWidth_L = 5000
AisleWidth_R = 2500
KeepDistanceU = 400
KeepDistanceD = 400
KeepDistanceL = 400
KeepDistanceR = 400
CarPosition = 0
Distance = 0

No = 9
IsLeft = False
Length = 10000
Width = 2000
AisleWidth_U = 800
AisleWidth_D = 800
AisleWidth_L = 5000
AisleWidth_R = 2500
KeepDistanceU = 400
KeepDistanceD = 400
KeepDistanceL = 400
KeepDistanceR = 400
CarPosition = 0
Distance = 0

No = 10
IsLeft = False
Length = 10000
Width = 2000
AisleWidth_U = 800
AisleWidth_D = 800
AisleWidth_L = 5000
AisleWidth_R = 2500
KeepDistanceU = 400
KeepDistanceD = 400
KeepDistanceL = 400
KeepDistanceR = 400
CarPosition = 0
Distance = 0

No = 11
IsLeft = True
Length = 10000
Width = 2000
AisleWidth_U = 800
AisleWidth_D = 800
AisleWidth_L = 2500
AisleWidth_R = 5000
KeepDistanceU = 400
KeepDistanceD = 400
KeepDistanceL = 400
KeepDistanceR = 400
CarPosition = 0
Distance = 0

No = 12
IsLeft = True
Length = 10000
Width = 2000
AisleWidth_U = 800
AisleWidth_D = 800
AisleWidth_L = 2500
AisleWidth_R = 5000
KeepDistanceU = 400
KeepDistanceD = 400
KeepDistanceL = 400
KeepDistanceR = 400
CarPosition = 0
Distance = 0

No = 13
IsLeft = True
Length = 10000
Width = 2000
AisleWidth_U = 800
AisleWidth_D = 800
AisleWidth_L = 2500
AisleWidth_R = 5000
KeepDistanceU = 400
KeepDistanceD = 400
KeepDistanceL = 400
KeepDistanceR = 400
CarPosition = 0
Distance = 0

No = 14
IsLeft = True
Length = 10000
Width = 2000
AisleWidth_U = 800
AisleWidth_D = 800
AisleWidth_L = 2500
AisleWidth_R = 5000
KeepDistanceU = 400
KeepDistanceD = 400
KeepDistanceL = 400
KeepDistanceR = 400
CarPosition = 0
Distance = 0

No = 15
IsLeft = True
Length = 10000
Width = 2000
AisleWidth_U = 800
AisleWidth_D = 800
AisleWidth_L = 2500
AisleWidth_R = 5000
KeepDistanceU = 400
KeepDistanceD = 400
KeepDistanceL = 400
KeepDistanceR = 400
CarPosition = 0
Distance = 0

No = 16
IsLeft = True
Length = 10000
Width = 2000
AisleWidth_U = 800
AisleWidth_D = 800
AisleWidth_L = 2500
AisleWidth_R = 5000
KeepDistanceU = 400
KeepDistanceD = 400
KeepDistanceL = 400
KeepDistanceR = 400
CarPosition = 0
Distance = 0

No = 17
IsLeft = True
Length = 10000
Width = 2000
AisleWidth_U = 800
AisleWidth_D = 800
AisleWidth_L = 2500
AisleWidth_R = 5000
KeepDistanceU = 400
KeepDistanceD = 400
KeepDistanceL = 400
KeepDistanceR = 400
CarPosition = 0
Distance = 0

No = 18
IsLeft = True
Length = 10000
Width = 2000
AisleWidth_U = 800
AisleWidth_D = 800
AisleWidth_L = 2500
AisleWidth_R = 5000
KeepDistanceU = 400
KeepDistanceD = 400
KeepDistanceL = 400
KeepDistanceR = 400
CarPosition = 0
Distance = 0

